TimeQuest Timing Analyzer report for four_bit_counter
Tue Apr 16 10:06:12 2024
Quartus Prime Version 15.1.0 Build 185 10/21/2015 SJ Lite Edition


---------------------
; Table of Contents ;
---------------------
  1. Legal Notice
  2. TimeQuest Timing Analyzer Summary
  3. Parallel Compilation
  4. Clocks
  5. Slow 1200mV 85C Model Fmax Summary
  6. Timing Closure Recommendations
  7. Slow 1200mV 85C Model Setup Summary
  8. Slow 1200mV 85C Model Hold Summary
  9. Slow 1200mV 85C Model Recovery Summary
 10. Slow 1200mV 85C Model Removal Summary
 11. Slow 1200mV 85C Model Minimum Pulse Width Summary
 12. Slow 1200mV 85C Model Setup: 'clk'
 13. Slow 1200mV 85C Model Setup: 'T_FF:tff2|Q'
 14. Slow 1200mV 85C Model Setup: 'T_FF:tff1|Q'
 15. Slow 1200mV 85C Model Setup: 'T_FF:tff0|Q'
 16. Slow 1200mV 85C Model Hold: 'T_FF:tff1|Q'
 17. Slow 1200mV 85C Model Hold: 'T_FF:tff2|Q'
 18. Slow 1200mV 85C Model Hold: 'T_FF:tff0|Q'
 19. Slow 1200mV 85C Model Hold: 'clk'
 20. Slow 1200mV 85C Model Metastability Summary
 21. Slow 1200mV 0C Model Fmax Summary
 22. Slow 1200mV 0C Model Setup Summary
 23. Slow 1200mV 0C Model Hold Summary
 24. Slow 1200mV 0C Model Recovery Summary
 25. Slow 1200mV 0C Model Removal Summary
 26. Slow 1200mV 0C Model Minimum Pulse Width Summary
 27. Slow 1200mV 0C Model Setup: 'clk'
 28. Slow 1200mV 0C Model Setup: 'T_FF:tff2|Q'
 29. Slow 1200mV 0C Model Setup: 'T_FF:tff1|Q'
 30. Slow 1200mV 0C Model Setup: 'T_FF:tff0|Q'
 31. Slow 1200mV 0C Model Hold: 'T_FF:tff1|Q'
 32. Slow 1200mV 0C Model Hold: 'T_FF:tff2|Q'
 33. Slow 1200mV 0C Model Hold: 'T_FF:tff0|Q'
 34. Slow 1200mV 0C Model Hold: 'clk'
 35. Slow 1200mV 0C Model Metastability Summary
 36. Fast 1200mV 0C Model Setup Summary
 37. Fast 1200mV 0C Model Hold Summary
 38. Fast 1200mV 0C Model Recovery Summary
 39. Fast 1200mV 0C Model Removal Summary
 40. Fast 1200mV 0C Model Minimum Pulse Width Summary
 41. Fast 1200mV 0C Model Setup: 'clk'
 42. Fast 1200mV 0C Model Setup: 'T_FF:tff0|Q'
 43. Fast 1200mV 0C Model Setup: 'T_FF:tff1|Q'
 44. Fast 1200mV 0C Model Setup: 'T_FF:tff2|Q'
 45. Fast 1200mV 0C Model Hold: 'T_FF:tff1|Q'
 46. Fast 1200mV 0C Model Hold: 'T_FF:tff2|Q'
 47. Fast 1200mV 0C Model Hold: 'T_FF:tff0|Q'
 48. Fast 1200mV 0C Model Hold: 'clk'
 49. Fast 1200mV 0C Model Metastability Summary
 50. Multicorner Timing Analysis Summary
 51. Board Trace Model Assignments
 52. Input Transition Times
 53. Signal Integrity Metrics (Slow 1200mv 0c Model)
 54. Signal Integrity Metrics (Slow 1200mv 85c Model)
 55. Signal Integrity Metrics (Fast 1200mv 0c Model)
 56. Setup Transfers
 57. Hold Transfers
 58. Report TCCS
 59. Report RSKM
 60. Unconstrained Paths Summary
 61. Clock Status Summary
 62. Unconstrained Input Ports
 63. Unconstrained Output Ports
 64. Unconstrained Input Ports
 65. Unconstrained Output Ports
 66. TimeQuest Timing Analyzer Messages



----------------
; Legal Notice ;
----------------
Copyright (C) 1991-2015 Altera Corporation. All rights reserved.
Your use of Altera Corporation's design tools, logic functions 
and other software and tools, and its AMPP partner logic 
functions, and any output files from any of the foregoing 
(including device programming or simulation files), and any 
associated documentation or information are expressly subject 
to the terms and conditions of the Altera Program License 
Subscription Agreement, the Altera Quartus Prime License Agreement,
the Altera MegaCore Function License Agreement, or other 
applicable license agreement, including, without limitation, 
that your use is for the sole purpose of programming logic 
devices manufactured by Altera and sold by Altera or its 
authorized distributors.  Please refer to the applicable 
agreement for further details.



+-----------------------------------------------------------------------------+
; TimeQuest Timing Analyzer Summary                                           ;
+-----------------------+-----------------------------------------------------+
; Quartus Prime Version ; Version 15.1.0 Build 185 10/21/2015 SJ Lite Edition ;
; Timing Analyzer       ; TimeQuest                                           ;
; Revision Name         ; four_bit_counter                                    ;
; Device Family         ; Cyclone IV E                                        ;
; Device Name           ; EP4CE6E22C6                                         ;
; Timing Models         ; Final                                               ;
; Delay Model           ; Combined                                            ;
; Rise/Fall Delays      ; Enabled                                             ;
+-----------------------+-----------------------------------------------------+


+------------------------------------------+
; Parallel Compilation                     ;
+----------------------------+-------------+
; Processors                 ; Number      ;
+----------------------------+-------------+
; Number detected on machine ; 16          ;
; Maximum allowed            ; 16          ;
;                            ;             ;
; Average used               ; 1.00        ;
; Maximum used               ; 16          ;
;                            ;             ;
; Usage by Processor         ; % Time Used ;
;     Processor 1            ; 100.0%      ;
;     Processors 2-16        ; < 0.1%      ;
+----------------------------+-------------+


+------------------------------------------------------------------------------------------------------------------------------------------------------------------------------------------+
; Clocks                                                                                                                                                                                   ;
+-------------+------+--------+------------+-------+-------+------------+-----------+-------------+-------+--------+-----------+------------+----------+--------+--------+-----------------+
; Clock Name  ; Type ; Period ; Frequency  ; Rise  ; Fall  ; Duty Cycle ; Divide by ; Multiply by ; Phase ; Offset ; Edge List ; Edge Shift ; Inverted ; Master ; Source ; Targets         ;
+-------------+------+--------+------------+-------+-------+------------+-----------+-------------+-------+--------+-----------+------------+----------+--------+--------+-----------------+
; clk         ; Base ; 1.000  ; 1000.0 MHz ; 0.000 ; 0.500 ;            ;           ;             ;       ;        ;           ;            ;          ;        ;        ; { clk }         ;
; T_FF:tff0|Q ; Base ; 1.000  ; 1000.0 MHz ; 0.000 ; 0.500 ;            ;           ;             ;       ;        ;           ;            ;          ;        ;        ; { T_FF:tff0|Q } ;
; T_FF:tff1|Q ; Base ; 1.000  ; 1000.0 MHz ; 0.000 ; 0.500 ;            ;           ;             ;       ;        ;           ;            ;          ;        ;        ; { T_FF:tff1|Q } ;
; T_FF:tff2|Q ; Base ; 1.000  ; 1000.0 MHz ; 0.000 ; 0.500 ;            ;           ;             ;       ;        ;           ;            ;          ;        ;        ; { T_FF:tff2|Q } ;
+-------------+------+--------+------------+-------+-------+------------+-----------+-------------+-------+--------+-----------+------------+----------+--------+--------+-----------------+


+---------------------------------------------------------------------------------------------+
; Slow 1200mV 85C Model Fmax Summary                                                          ;
+------------+-----------------+-------------+------------------------------------------------+
; Fmax       ; Restricted Fmax ; Clock Name  ; Note                                           ;
+------------+-----------------+-------------+------------------------------------------------+
; 843.17 MHz ; 500.0 MHz       ; T_FF:tff2|Q ; limit due to minimum period restriction (tmin) ;
; 848.9 MHz  ; 500.0 MHz       ; T_FF:tff1|Q ; limit due to minimum period restriction (tmin) ;
; 952.38 MHz ; 500.0 MHz       ; T_FF:tff0|Q ; limit due to minimum period restriction (tmin) ;
+------------+-----------------+-------------+------------------------------------------------+
This panel reports FMAX for every clock in the design, regardless of the user-specified clock periods.  FMAX is only computed for paths where the source and destination registers or ports are driven by the same clock.  Paths of different clocks, including generated clocks, are ignored.  For paths between a clock and its inversion, FMAX is computed as if the rising and falling edges are scaled along with FMAX, such that the duty cycle (in terms of a percentage) is maintained. Altera recommends that you always use clock constraints and other slack reports for sign-off analysis.


----------------------------------
; Timing Closure Recommendations ;
----------------------------------
HTML report is unavailable in plain text report export.


+--------------------------------------+
; Slow 1200mV 85C Model Setup Summary  ;
+-------------+--------+---------------+
; Clock       ; Slack  ; End Point TNS ;
+-------------+--------+---------------+
; clk         ; -0.356 ; -0.356        ;
; T_FF:tff2|Q ; -0.186 ; -0.186        ;
; T_FF:tff1|Q ; -0.089 ; -0.089        ;
; T_FF:tff0|Q ; -0.044 ; -0.044        ;
+-------------+--------+---------------+


+-------------------------------------+
; Slow 1200mV 85C Model Hold Summary  ;
+-------------+-------+---------------+
; Clock       ; Slack ; End Point TNS ;
+-------------+-------+---------------+
; T_FF:tff1|Q ; 0.127 ; 0.000         ;
; T_FF:tff2|Q ; 0.165 ; 0.000         ;
; T_FF:tff0|Q ; 0.176 ; 0.000         ;
; clk         ; 0.502 ; 0.000         ;
+-------------+-------+---------------+


------------------------------------------
; Slow 1200mV 85C Model Recovery Summary ;
------------------------------------------
No paths to report.


-----------------------------------------
; Slow 1200mV 85C Model Removal Summary ;
-----------------------------------------
No paths to report.


+---------------------------------------------------+
; Slow 1200mV 85C Model Minimum Pulse Width Summary ;
+-------------+--------+----------------------------+
; Clock       ; Slack  ; End Point TNS              ;
+-------------+--------+----------------------------+
; clk         ; -3.000 ; -4.000                     ;
; T_FF:tff0|Q ; -1.000 ; -1.000                     ;
; T_FF:tff1|Q ; -1.000 ; -1.000                     ;
; T_FF:tff2|Q ; -1.000 ; -1.000                     ;
+-------------+--------+----------------------------+


+----------------------------------------------------------------------------------------------------------+
; Slow 1200mV 85C Model Setup: 'clk'                                                                       ;
+--------+-------------+-------------+--------------+-------------+--------------+------------+------------+
; Slack  ; From Node   ; To Node     ; Launch Clock ; Latch Clock ; Relationship ; Clock Skew ; Data Delay ;
+--------+-------------+-------------+--------------+-------------+--------------+------------+------------+
; -0.356 ; T_FF:tff0|Q ; T_FF:tff0|Q ; T_FF:tff0|Q  ; clk         ; 0.500        ; 1.774      ; 2.824      ;
; 0.119  ; T_FF:tff0|Q ; T_FF:tff0|Q ; T_FF:tff0|Q  ; clk         ; 1.000        ; 1.774      ; 2.849      ;
+--------+-------------+-------------+--------------+-------------+--------------+------------+------------+


+----------------------------------------------------------------------------------------------------------+
; Slow 1200mV 85C Model Setup: 'T_FF:tff2|Q'                                                               ;
+--------+-------------+-------------+--------------+-------------+--------------+------------+------------+
; Slack  ; From Node   ; To Node     ; Launch Clock ; Latch Clock ; Relationship ; Clock Skew ; Data Delay ;
+--------+-------------+-------------+--------------+-------------+--------------+------------+------------+
; -0.186 ; T_FF:tff3|Q ; T_FF:tff3|Q ; T_FF:tff2|Q  ; T_FF:tff2|Q ; 1.000        ; -0.039     ; 1.162      ;
; 0.118  ; T_FF:tff2|Q ; T_FF:tff3|Q ; T_FF:tff2|Q  ; T_FF:tff2|Q ; 0.500        ; 0.779      ; 1.375      ;
; 0.542  ; T_FF:tff2|Q ; T_FF:tff3|Q ; T_FF:tff2|Q  ; T_FF:tff2|Q ; 1.000        ; 0.779      ; 1.451      ;
+--------+-------------+-------------+--------------+-------------+--------------+------------+------------+


+----------------------------------------------------------------------------------------------------------+
; Slow 1200mV 85C Model Setup: 'T_FF:tff1|Q'                                                               ;
+--------+-------------+-------------+--------------+-------------+--------------+------------+------------+
; Slack  ; From Node   ; To Node     ; Launch Clock ; Latch Clock ; Relationship ; Clock Skew ; Data Delay ;
+--------+-------------+-------------+--------------+-------------+--------------+------------+------------+
; -0.089 ; T_FF:tff1|Q ; T_FF:tff2|Q ; T_FF:tff1|Q  ; T_FF:tff1|Q ; 0.500        ; 0.953      ; 1.756      ;
; -0.021 ; T_FF:tff2|Q ; T_FF:tff2|Q ; T_FF:tff2|Q  ; T_FF:tff1|Q ; 0.500        ; 0.953      ; 1.688      ;
; 0.357  ; T_FF:tff1|Q ; T_FF:tff2|Q ; T_FF:tff1|Q  ; T_FF:tff1|Q ; 1.000        ; 0.953      ; 1.810      ;
; 0.406  ; T_FF:tff2|Q ; T_FF:tff2|Q ; T_FF:tff2|Q  ; T_FF:tff1|Q ; 1.000        ; 0.953      ; 1.761      ;
+--------+-------------+-------------+--------------+-------------+--------------+------------+------------+


+----------------------------------------------------------------------------------------------------------+
; Slow 1200mV 85C Model Setup: 'T_FF:tff0|Q'                                                               ;
+--------+-------------+-------------+--------------+-------------+--------------+------------+------------+
; Slack  ; From Node   ; To Node     ; Launch Clock ; Latch Clock ; Relationship ; Clock Skew ; Data Delay ;
+--------+-------------+-------------+--------------+-------------+--------------+------------+------------+
; -0.044 ; T_FF:tff1|Q ; T_FF:tff1|Q ; T_FF:tff1|Q  ; T_FF:tff0|Q ; 0.500        ; 0.798      ; 1.556      ;
; -0.025 ; T_FF:tff0|Q ; T_FF:tff1|Q ; T_FF:tff0|Q  ; T_FF:tff0|Q ; 0.500        ; 0.798      ; 1.537      ;
; 0.369  ; T_FF:tff1|Q ; T_FF:tff1|Q ; T_FF:tff1|Q  ; T_FF:tff0|Q ; 1.000        ; 0.798      ; 1.643      ;
; 0.401  ; T_FF:tff0|Q ; T_FF:tff1|Q ; T_FF:tff0|Q  ; T_FF:tff0|Q ; 1.000        ; 0.798      ; 1.611      ;
+--------+-------------+-------------+--------------+-------------+--------------+------------+------------+


+---------------------------------------------------------------------------------------------------------+
; Slow 1200mV 85C Model Hold: 'T_FF:tff1|Q'                                                               ;
+-------+-------------+-------------+--------------+-------------+--------------+------------+------------+
; Slack ; From Node   ; To Node     ; Launch Clock ; Latch Clock ; Relationship ; Clock Skew ; Data Delay ;
+-------+-------------+-------------+--------------+-------------+--------------+------------+------------+
; 0.127 ; T_FF:tff2|Q ; T_FF:tff2|Q ; T_FF:tff2|Q  ; T_FF:tff1|Q ; 0.000        ; 1.011      ; 1.494      ;
; 0.218 ; T_FF:tff1|Q ; T_FF:tff2|Q ; T_FF:tff1|Q  ; T_FF:tff1|Q ; 0.000        ; 1.011      ; 1.585      ;
; 0.544 ; T_FF:tff2|Q ; T_FF:tff2|Q ; T_FF:tff2|Q  ; T_FF:tff1|Q ; -0.500       ; 1.011      ; 1.411      ;
; 0.696 ; T_FF:tff1|Q ; T_FF:tff2|Q ; T_FF:tff1|Q  ; T_FF:tff1|Q ; -0.500       ; 1.011      ; 1.563      ;
+-------+-------------+-------------+--------------+-------------+--------------+------------+------------+


+---------------------------------------------------------------------------------------------------------+
; Slow 1200mV 85C Model Hold: 'T_FF:tff2|Q'                                                               ;
+-------+-------------+-------------+--------------+-------------+--------------+------------+------------+
; Slack ; From Node   ; To Node     ; Launch Clock ; Latch Clock ; Relationship ; Clock Skew ; Data Delay ;
+-------+-------------+-------------+--------------+-------------+--------------+------------+------------+
; 0.165 ; T_FF:tff2|Q ; T_FF:tff3|Q ; T_FF:tff2|Q  ; T_FF:tff2|Q ; 0.000        ; 0.830      ; 1.351      ;
; 0.623 ; T_FF:tff2|Q ; T_FF:tff3|Q ; T_FF:tff2|Q  ; T_FF:tff2|Q ; -0.500       ; 0.830      ; 1.309      ;
; 0.852 ; T_FF:tff3|Q ; T_FF:tff3|Q ; T_FF:tff2|Q  ; T_FF:tff2|Q ; 0.000        ; 0.039      ; 1.048      ;
+-------+-------------+-------------+--------------+-------------+--------------+------------+------------+


+---------------------------------------------------------------------------------------------------------+
; Slow 1200mV 85C Model Hold: 'T_FF:tff0|Q'                                                               ;
+-------+-------------+-------------+--------------+-------------+--------------+------------+------------+
; Slack ; From Node   ; To Node     ; Launch Clock ; Latch Clock ; Relationship ; Clock Skew ; Data Delay ;
+-------+-------------+-------------+--------------+-------------+--------------+------------+------------+
; 0.176 ; T_FF:tff1|Q ; T_FF:tff1|Q ; T_FF:tff1|Q  ; T_FF:tff0|Q ; 0.000        ; 0.850      ; 1.382      ;
; 0.188 ; T_FF:tff0|Q ; T_FF:tff1|Q ; T_FF:tff0|Q  ; T_FF:tff0|Q ; 0.000        ; 0.850      ; 1.394      ;
; 0.577 ; T_FF:tff1|Q ; T_FF:tff1|Q ; T_FF:tff1|Q  ; T_FF:tff0|Q ; -0.500       ; 0.850      ; 1.283      ;
; 0.646 ; T_FF:tff0|Q ; T_FF:tff1|Q ; T_FF:tff0|Q  ; T_FF:tff0|Q ; -0.500       ; 0.850      ; 1.352      ;
+-------+-------------+-------------+--------------+-------------+--------------+------------+------------+


+---------------------------------------------------------------------------------------------------------+
; Slow 1200mV 85C Model Hold: 'clk'                                                                       ;
+-------+-------------+-------------+--------------+-------------+--------------+------------+------------+
; Slack ; From Node   ; To Node     ; Launch Clock ; Latch Clock ; Relationship ; Clock Skew ; Data Delay ;
+-------+-------------+-------------+--------------+-------------+--------------+------------+------------+
; 0.502 ; T_FF:tff0|Q ; T_FF:tff0|Q ; T_FF:tff0|Q  ; clk         ; 0.000        ; 1.841      ; 2.719      ;
; 0.989 ; T_FF:tff0|Q ; T_FF:tff0|Q ; T_FF:tff0|Q  ; clk         ; -0.500       ; 1.841      ; 2.706      ;
+-------+-------------+-------------+--------------+-------------+--------------+------------+------------+


-----------------------------------------------
; Slow 1200mV 85C Model Metastability Summary ;
-----------------------------------------------
No synchronizer chains to report.


+----------------------------------------------------------------------------------------------+
; Slow 1200mV 0C Model Fmax Summary                                                            ;
+-------------+-----------------+-------------+------------------------------------------------+
; Fmax        ; Restricted Fmax ; Clock Name  ; Note                                           ;
+-------------+-----------------+-------------+------------------------------------------------+
; 943.4 MHz   ; 500.0 MHz       ; T_FF:tff1|Q ; limit due to minimum period restriction (tmin) ;
; 943.4 MHz   ; 500.0 MHz       ; T_FF:tff2|Q ; limit due to minimum period restriction (tmin) ;
; 1059.32 MHz ; 500.0 MHz       ; T_FF:tff0|Q ; limit due to minimum period restriction (tmin) ;
+-------------+-----------------+-------------+------------------------------------------------+
This panel reports FMAX for every clock in the design, regardless of the user-specified clock periods.  FMAX is only computed for paths where the source and destination registers or ports are driven by the same clock.  Paths of different clocks, including generated clocks, are ignored.  For paths between a clock and its inversion, FMAX is computed as if the rising and falling edges are scaled along with FMAX, such that the duty cycle (in terms of a percentage) is maintained. Altera recommends that you always use clock constraints and other slack reports for sign-off analysis.


+--------------------------------------+
; Slow 1200mV 0C Model Setup Summary   ;
+-------------+--------+---------------+
; Clock       ; Slack  ; End Point TNS ;
+-------------+--------+---------------+
; clk         ; -0.267 ; -0.267        ;
; T_FF:tff2|Q ; -0.060 ; -0.060        ;
; T_FF:tff1|Q ; -0.030 ; -0.030        ;
; T_FF:tff0|Q ; 0.021  ; 0.000         ;
+-------------+--------+---------------+


+-------------------------------------+
; Slow 1200mV 0C Model Hold Summary   ;
+-------------+-------+---------------+
; Clock       ; Slack ; End Point TNS ;
+-------------+-------+---------------+
; T_FF:tff1|Q ; 0.107 ; 0.000         ;
; T_FF:tff2|Q ; 0.149 ; 0.000         ;
; T_FF:tff0|Q ; 0.155 ; 0.000         ;
; clk         ; 0.430 ; 0.000         ;
+-------------+-------+---------------+


-----------------------------------------
; Slow 1200mV 0C Model Recovery Summary ;
-----------------------------------------
No paths to report.


----------------------------------------
; Slow 1200mV 0C Model Removal Summary ;
----------------------------------------
No paths to report.


+--------------------------------------------------+
; Slow 1200mV 0C Model Minimum Pulse Width Summary ;
+-------------+--------+---------------------------+
; Clock       ; Slack  ; End Point TNS             ;
+-------------+--------+---------------------------+
; clk         ; -3.000 ; -4.000                    ;
; T_FF:tff0|Q ; -1.000 ; -1.000                    ;
; T_FF:tff1|Q ; -1.000 ; -1.000                    ;
; T_FF:tff2|Q ; -1.000 ; -1.000                    ;
+-------------+--------+---------------------------+


+----------------------------------------------------------------------------------------------------------+
; Slow 1200mV 0C Model Setup: 'clk'                                                                        ;
+--------+-------------+-------------+--------------+-------------+--------------+------------+------------+
; Slack  ; From Node   ; To Node     ; Launch Clock ; Latch Clock ; Relationship ; Clock Skew ; Data Delay ;
+--------+-------------+-------------+--------------+-------------+--------------+------------+------------+
; -0.267 ; T_FF:tff0|Q ; T_FF:tff0|Q ; T_FF:tff0|Q  ; clk         ; 0.500        ; 1.632      ; 2.574      ;
; 0.226  ; T_FF:tff0|Q ; T_FF:tff0|Q ; T_FF:tff0|Q  ; clk         ; 1.000        ; 1.632      ; 2.581      ;
+--------+-------------+-------------+--------------+-------------+--------------+------------+------------+


+----------------------------------------------------------------------------------------------------------+
; Slow 1200mV 0C Model Setup: 'T_FF:tff2|Q'                                                                ;
+--------+-------------+-------------+--------------+-------------+--------------+------------+------------+
; Slack  ; From Node   ; To Node     ; Launch Clock ; Latch Clock ; Relationship ; Clock Skew ; Data Delay ;
+--------+-------------+-------------+--------------+-------------+--------------+------------+------------+
; -0.060 ; T_FF:tff3|Q ; T_FF:tff3|Q ; T_FF:tff2|Q  ; T_FF:tff2|Q ; 1.000        ; -0.034     ; 1.041      ;
; 0.145  ; T_FF:tff2|Q ; T_FF:tff3|Q ; T_FF:tff2|Q  ; T_FF:tff2|Q ; 0.500        ; 0.697      ; 1.247      ;
; 0.594  ; T_FF:tff2|Q ; T_FF:tff3|Q ; T_FF:tff2|Q  ; T_FF:tff2|Q ; 1.000        ; 0.697      ; 1.298      ;
+--------+-------------+-------------+--------------+-------------+--------------+------------+------------+


+----------------------------------------------------------------------------------------------------------+
; Slow 1200mV 0C Model Setup: 'T_FF:tff1|Q'                                                                ;
+--------+-------------+-------------+--------------+-------------+--------------+------------+------------+
; Slack  ; From Node   ; To Node     ; Launch Clock ; Latch Clock ; Relationship ; Clock Skew ; Data Delay ;
+--------+-------------+-------------+--------------+-------------+--------------+------------+------------+
; -0.030 ; T_FF:tff1|Q ; T_FF:tff2|Q ; T_FF:tff1|Q  ; T_FF:tff1|Q ; 0.500        ; 0.854      ; 1.579      ;
; 0.036  ; T_FF:tff2|Q ; T_FF:tff2|Q ; T_FF:tff2|Q  ; T_FF:tff1|Q ; 0.500        ; 0.854      ; 1.513      ;
; 0.440  ; T_FF:tff1|Q ; T_FF:tff2|Q ; T_FF:tff1|Q  ; T_FF:tff1|Q ; 1.000        ; 0.854      ; 1.609      ;
; 0.489  ; T_FF:tff2|Q ; T_FF:tff2|Q ; T_FF:tff2|Q  ; T_FF:tff1|Q ; 1.000        ; 0.854      ; 1.560      ;
+--------+-------------+-------------+--------------+-------------+--------------+------------+------------+


+---------------------------------------------------------------------------------------------------------+
; Slow 1200mV 0C Model Setup: 'T_FF:tff0|Q'                                                               ;
+-------+-------------+-------------+--------------+-------------+--------------+------------+------------+
; Slack ; From Node   ; To Node     ; Launch Clock ; Latch Clock ; Relationship ; Clock Skew ; Data Delay ;
+-------+-------------+-------------+--------------+-------------+--------------+------------+------------+
; 0.021 ; T_FF:tff1|Q ; T_FF:tff1|Q ; T_FF:tff1|Q  ; T_FF:tff0|Q ; 0.500        ; 0.715      ; 1.389      ;
; 0.028 ; T_FF:tff0|Q ; T_FF:tff1|Q ; T_FF:tff0|Q  ; T_FF:tff0|Q ; 0.500        ; 0.715      ; 1.382      ;
; 0.451 ; T_FF:tff1|Q ; T_FF:tff1|Q ; T_FF:tff1|Q  ; T_FF:tff0|Q ; 1.000        ; 0.715      ; 1.459      ;
; 0.477 ; T_FF:tff0|Q ; T_FF:tff1|Q ; T_FF:tff0|Q  ; T_FF:tff0|Q ; 1.000        ; 0.715      ; 1.433      ;
+-------+-------------+-------------+--------------+-------------+--------------+------------+------------+


+---------------------------------------------------------------------------------------------------------+
; Slow 1200mV 0C Model Hold: 'T_FF:tff1|Q'                                                                ;
+-------+-------------+-------------+--------------+-------------+--------------+------------+------------+
; Slack ; From Node   ; To Node     ; Launch Clock ; Latch Clock ; Relationship ; Clock Skew ; Data Delay ;
+-------+-------------+-------------+--------------+-------------+--------------+------------+------------+
; 0.107 ; T_FF:tff2|Q ; T_FF:tff2|Q ; T_FF:tff2|Q  ; T_FF:tff1|Q ; 0.000        ; 0.905      ; 1.336      ;
; 0.195 ; T_FF:tff1|Q ; T_FF:tff2|Q ; T_FF:tff1|Q  ; T_FF:tff1|Q ; 0.000        ; 0.905      ; 1.424      ;
; 0.548 ; T_FF:tff2|Q ; T_FF:tff2|Q ; T_FF:tff2|Q  ; T_FF:tff1|Q ; -0.500       ; 0.905      ; 1.277      ;
; 0.692 ; T_FF:tff1|Q ; T_FF:tff2|Q ; T_FF:tff1|Q  ; T_FF:tff1|Q ; -0.500       ; 0.905      ; 1.421      ;
+-------+-------------+-------------+--------------+-------------+--------------+------------+------------+


+---------------------------------------------------------------------------------------------------------+
; Slow 1200mV 0C Model Hold: 'T_FF:tff2|Q'                                                                ;
+-------+-------------+-------------+--------------+-------------+--------------+------------+------------+
; Slack ; From Node   ; To Node     ; Launch Clock ; Latch Clock ; Relationship ; Clock Skew ; Data Delay ;
+-------+-------------+-------------+--------------+-------------+--------------+------------+------------+
; 0.149 ; T_FF:tff2|Q ; T_FF:tff3|Q ; T_FF:tff2|Q  ; T_FF:tff2|Q ; 0.000        ; 0.742      ; 1.215      ;
; 0.627 ; T_FF:tff2|Q ; T_FF:tff3|Q ; T_FF:tff2|Q  ; T_FF:tff2|Q ; -0.500       ; 0.742      ; 1.193      ;
; 0.772 ; T_FF:tff3|Q ; T_FF:tff3|Q ; T_FF:tff2|Q  ; T_FF:tff2|Q ; 0.000        ; 0.034      ; 0.950      ;
+-------+-------------+-------------+--------------+-------------+--------------+------------+------------+


+---------------------------------------------------------------------------------------------------------+
; Slow 1200mV 0C Model Hold: 'T_FF:tff0|Q'                                                                ;
+-------+-------------+-------------+--------------+-------------+--------------+------------+------------+
; Slack ; From Node   ; To Node     ; Launch Clock ; Latch Clock ; Relationship ; Clock Skew ; Data Delay ;
+-------+-------------+-------------+--------------+-------------+--------------+------------+------------+
; 0.155 ; T_FF:tff1|Q ; T_FF:tff1|Q ; T_FF:tff1|Q  ; T_FF:tff0|Q ; 0.000        ; 0.761      ; 1.240      ;
; 0.168 ; T_FF:tff0|Q ; T_FF:tff1|Q ; T_FF:tff0|Q  ; T_FF:tff0|Q ; 0.000        ; 0.761      ; 1.253      ;
; 0.572 ; T_FF:tff1|Q ; T_FF:tff1|Q ; T_FF:tff1|Q  ; T_FF:tff0|Q ; -0.500       ; 0.761      ; 1.157      ;
; 0.646 ; T_FF:tff0|Q ; T_FF:tff1|Q ; T_FF:tff0|Q  ; T_FF:tff0|Q ; -0.500       ; 0.761      ; 1.231      ;
+-------+-------------+-------------+--------------+-------------+--------------+------------+------------+


+---------------------------------------------------------------------------------------------------------+
; Slow 1200mV 0C Model Hold: 'clk'                                                                        ;
+-------+-------------+-------------+--------------+-------------+--------------+------------+------------+
; Slack ; From Node   ; To Node     ; Launch Clock ; Latch Clock ; Relationship ; Clock Skew ; Data Delay ;
+-------+-------------+-------------+--------------+-------------+--------------+------------+------------+
; 0.430 ; T_FF:tff0|Q ; T_FF:tff0|Q ; T_FF:tff0|Q  ; clk         ; 0.000        ; 1.691      ; 2.465      ;
; 0.931 ; T_FF:tff0|Q ; T_FF:tff0|Q ; T_FF:tff0|Q  ; clk         ; -0.500       ; 1.691      ; 2.466      ;
+-------+-------------+-------------+--------------+-------------+--------------+------------+------------+


----------------------------------------------
; Slow 1200mV 0C Model Metastability Summary ;
----------------------------------------------
No synchronizer chains to report.


+-------------------------------------+
; Fast 1200mV 0C Model Setup Summary  ;
+-------------+-------+---------------+
; Clock       ; Slack ; End Point TNS ;
+-------------+-------+---------------+
; clk         ; 0.013 ; 0.000         ;
; T_FF:tff0|Q ; 0.207 ; 0.000         ;
; T_FF:tff1|Q ; 0.212 ; 0.000         ;
; T_FF:tff2|Q ; 0.327 ; 0.000         ;
+-------------+-------+---------------+


+-------------------------------------+
; Fast 1200mV 0C Model Hold Summary   ;
+-------------+-------+---------------+
; Clock       ; Slack ; End Point TNS ;
+-------------+-------+---------------+
; T_FF:tff1|Q ; 0.048 ; 0.000         ;
; T_FF:tff2|Q ; 0.063 ; 0.000         ;
; T_FF:tff0|Q ; 0.084 ; 0.000         ;
; clk         ; 0.279 ; 0.000         ;
+-------------+-------+---------------+


-----------------------------------------
; Fast 1200mV 0C Model Recovery Summary ;
-----------------------------------------
No paths to report.


----------------------------------------
; Fast 1200mV 0C Model Removal Summary ;
----------------------------------------
No paths to report.


+--------------------------------------------------+
; Fast 1200mV 0C Model Minimum Pulse Width Summary ;
+-------------+--------+---------------------------+
; Clock       ; Slack  ; End Point TNS             ;
+-------------+--------+---------------------------+
; clk         ; -3.000 ; -4.027                    ;
; T_FF:tff0|Q ; -1.000 ; -1.000                    ;
; T_FF:tff1|Q ; -1.000 ; -1.000                    ;
; T_FF:tff2|Q ; -1.000 ; -1.000                    ;
+-------------+--------+---------------------------+


+---------------------------------------------------------------------------------------------------------+
; Fast 1200mV 0C Model Setup: 'clk'                                                                       ;
+-------+-------------+-------------+--------------+-------------+--------------+------------+------------+
; Slack ; From Node   ; To Node     ; Launch Clock ; Latch Clock ; Relationship ; Clock Skew ; Data Delay ;
+-------+-------------+-------------+--------------+-------------+--------------+------------+------------+
; 0.013 ; T_FF:tff0|Q ; T_FF:tff0|Q ; T_FF:tff0|Q  ; clk         ; 0.500        ; 1.018      ; 1.597      ;
; 0.491 ; T_FF:tff0|Q ; T_FF:tff0|Q ; T_FF:tff0|Q  ; clk         ; 1.000        ; 1.018      ; 1.619      ;
+-------+-------------+-------------+--------------+-------------+--------------+------------+------------+


+---------------------------------------------------------------------------------------------------------+
; Fast 1200mV 0C Model Setup: 'T_FF:tff0|Q'                                                               ;
+-------+-------------+-------------+--------------+-------------+--------------+------------+------------+
; Slack ; From Node   ; To Node     ; Launch Clock ; Latch Clock ; Relationship ; Clock Skew ; Data Delay ;
+-------+-------------+-------------+--------------+-------------+--------------+------------+------------+
; 0.207 ; T_FF:tff1|Q ; T_FF:tff1|Q ; T_FF:tff1|Q  ; T_FF:tff0|Q ; 0.500        ; 0.454      ; 0.859      ;
; 0.228 ; T_FF:tff0|Q ; T_FF:tff1|Q ; T_FF:tff0|Q  ; T_FF:tff0|Q ; 0.500        ; 0.454      ; 0.838      ;
; 0.655 ; T_FF:tff1|Q ; T_FF:tff1|Q ; T_FF:tff1|Q  ; T_FF:tff0|Q ; 1.000        ; 0.454      ; 0.911      ;
; 0.673 ; T_FF:tff0|Q ; T_FF:tff1|Q ; T_FF:tff0|Q  ; T_FF:tff0|Q ; 1.000        ; 0.454      ; 0.893      ;
+-------+-------------+-------------+--------------+-------------+--------------+------------+------------+


+---------------------------------------------------------------------------------------------------------+
; Fast 1200mV 0C Model Setup: 'T_FF:tff1|Q'                                                               ;
+-------+-------------+-------------+--------------+-------------+--------------+------------+------------+
; Slack ; From Node   ; To Node     ; Launch Clock ; Latch Clock ; Relationship ; Clock Skew ; Data Delay ;
+-------+-------------+-------------+--------------+-------------+--------------+------------+------------+
; 0.212 ; T_FF:tff1|Q ; T_FF:tff2|Q ; T_FF:tff1|Q  ; T_FF:tff1|Q ; 0.500        ; 0.548      ; 0.948      ;
; 0.239 ; T_FF:tff2|Q ; T_FF:tff2|Q ; T_FF:tff2|Q  ; T_FF:tff1|Q ; 0.500        ; 0.548      ; 0.921      ;
; 0.649 ; T_FF:tff1|Q ; T_FF:tff2|Q ; T_FF:tff1|Q  ; T_FF:tff1|Q ; 1.000        ; 0.548      ; 1.011      ;
; 0.679 ; T_FF:tff2|Q ; T_FF:tff2|Q ; T_FF:tff2|Q  ; T_FF:tff1|Q ; 1.000        ; 0.548      ; 0.981      ;
+-------+-------------+-------------+--------------+-------------+--------------+------------+------------+


+---------------------------------------------------------------------------------------------------------+
; Fast 1200mV 0C Model Setup: 'T_FF:tff2|Q'                                                               ;
+-------+-------------+-------------+--------------+-------------+--------------+------------+------------+
; Slack ; From Node   ; To Node     ; Launch Clock ; Latch Clock ; Relationship ; Clock Skew ; Data Delay ;
+-------+-------------+-------------+--------------+-------------+--------------+------------+------------+
; 0.327 ; T_FF:tff2|Q ; T_FF:tff3|Q ; T_FF:tff2|Q  ; T_FF:tff2|Q ; 0.500        ; 0.443      ; 0.728      ;
; 0.362 ; T_FF:tff3|Q ; T_FF:tff3|Q ; T_FF:tff2|Q  ; T_FF:tff2|Q ; 1.000        ; -0.024     ; 0.621      ;
; 0.770 ; T_FF:tff2|Q ; T_FF:tff3|Q ; T_FF:tff2|Q  ; T_FF:tff2|Q ; 1.000        ; 0.443      ; 0.785      ;
+-------+-------------+-------------+--------------+-------------+--------------+------------+------------+


+---------------------------------------------------------------------------------------------------------+
; Fast 1200mV 0C Model Hold: 'T_FF:tff1|Q'                                                                ;
+-------+-------------+-------------+--------------+-------------+--------------+------------+------------+
; Slack ; From Node   ; To Node     ; Launch Clock ; Latch Clock ; Relationship ; Clock Skew ; Data Delay ;
+-------+-------------+-------------+--------------+-------------+--------------+------------+------------+
; 0.048 ; T_FF:tff2|Q ; T_FF:tff2|Q ; T_FF:tff2|Q  ; T_FF:tff1|Q ; 0.000        ; 0.583      ; 0.820      ;
; 0.100 ; T_FF:tff1|Q ; T_FF:tff2|Q ; T_FF:tff1|Q  ; T_FF:tff1|Q ; 0.000        ; 0.583      ; 0.872      ;
; 0.484 ; T_FF:tff2|Q ; T_FF:tff2|Q ; T_FF:tff2|Q  ; T_FF:tff1|Q ; -0.500       ; 0.583      ; 0.756      ;
; 0.558 ; T_FF:tff1|Q ; T_FF:tff2|Q ; T_FF:tff1|Q  ; T_FF:tff1|Q ; -0.500       ; 0.583      ; 0.830      ;
+-------+-------------+-------------+--------------+-------------+--------------+------------+------------+


+---------------------------------------------------------------------------------------------------------+
; Fast 1200mV 0C Model Hold: 'T_FF:tff2|Q'                                                                ;
+-------+-------------+-------------+--------------+-------------+--------------+------------+------------+
; Slack ; From Node   ; To Node     ; Launch Clock ; Latch Clock ; Relationship ; Clock Skew ; Data Delay ;
+-------+-------------+-------------+--------------+-------------+--------------+------------+------------+
; 0.063 ; T_FF:tff2|Q ; T_FF:tff3|Q ; T_FF:tff2|Q  ; T_FF:tff2|Q ; 0.000        ; 0.474      ; 0.726      ;
; 0.443 ; T_FF:tff3|Q ; T_FF:tff3|Q ; T_FF:tff2|Q  ; T_FF:tff2|Q ; 0.000        ; 0.024      ; 0.551      ;
; 0.526 ; T_FF:tff2|Q ; T_FF:tff3|Q ; T_FF:tff2|Q  ; T_FF:tff2|Q ; -0.500       ; 0.474      ; 0.689      ;
+-------+-------------+-------------+--------------+-------------+--------------+------------+------------+


+---------------------------------------------------------------------------------------------------------+
; Fast 1200mV 0C Model Hold: 'T_FF:tff0|Q'                                                                ;
+-------+-------------+-------------+--------------+-------------+--------------+------------+------------+
; Slack ; From Node   ; To Node     ; Launch Clock ; Latch Clock ; Relationship ; Clock Skew ; Data Delay ;
+-------+-------------+-------------+--------------+-------------+--------------+------------+------------+
; 0.084 ; T_FF:tff0|Q ; T_FF:tff1|Q ; T_FF:tff0|Q  ; T_FF:tff0|Q ; 0.000        ; 0.485      ; 0.758      ;
; 0.084 ; T_FF:tff1|Q ; T_FF:tff1|Q ; T_FF:tff1|Q  ; T_FF:tff0|Q ; 0.000        ; 0.485      ; 0.758      ;
; 0.521 ; T_FF:tff1|Q ; T_FF:tff1|Q ; T_FF:tff1|Q  ; T_FF:tff0|Q ; -0.500       ; 0.485      ; 0.695      ;
; 0.550 ; T_FF:tff0|Q ; T_FF:tff1|Q ; T_FF:tff0|Q  ; T_FF:tff0|Q ; -0.500       ; 0.485      ; 0.724      ;
+-------+-------------+-------------+--------------+-------------+--------------+------------+------------+


+---------------------------------------------------------------------------------------------------------+
; Fast 1200mV 0C Model Hold: 'clk'                                                                        ;
+-------+-------------+-------------+--------------+-------------+--------------+------------+------------+
; Slack ; From Node   ; To Node     ; Launch Clock ; Latch Clock ; Relationship ; Clock Skew ; Data Delay ;
+-------+-------------+-------------+--------------+-------------+--------------+------------+------------+
; 0.279 ; T_FF:tff0|Q ; T_FF:tff0|Q ; T_FF:tff0|Q  ; clk         ; 0.000        ; 1.058      ; 1.546      ;
; 0.764 ; T_FF:tff0|Q ; T_FF:tff0|Q ; T_FF:tff0|Q  ; clk         ; -0.500       ; 1.058      ; 1.531      ;
+-------+-------------+-------------+--------------+-------------+--------------+------------+------------+


----------------------------------------------
; Fast 1200mV 0C Model Metastability Summary ;
----------------------------------------------
No synchronizer chains to report.


+------------------------------------------------------------------------------+
; Multicorner Timing Analysis Summary                                          ;
+------------------+--------+-------+----------+---------+---------------------+
; Clock            ; Setup  ; Hold  ; Recovery ; Removal ; Minimum Pulse Width ;
+------------------+--------+-------+----------+---------+---------------------+
; Worst-case Slack ; -0.356 ; 0.048 ; N/A      ; N/A     ; -3.000              ;
;  T_FF:tff0|Q     ; -0.044 ; 0.084 ; N/A      ; N/A     ; -1.000              ;
;  T_FF:tff1|Q     ; -0.089 ; 0.048 ; N/A      ; N/A     ; -1.000              ;
;  T_FF:tff2|Q     ; -0.186 ; 0.063 ; N/A      ; N/A     ; -1.000              ;
;  clk             ; -0.356 ; 0.279 ; N/A      ; N/A     ; -3.000              ;
; Design-wide TNS  ; -0.675 ; 0.0   ; 0.0      ; 0.0     ; -7.027              ;
;  T_FF:tff0|Q     ; -0.044 ; 0.000 ; N/A      ; N/A     ; -1.000              ;
;  T_FF:tff1|Q     ; -0.089 ; 0.000 ; N/A      ; N/A     ; -1.000              ;
;  T_FF:tff2|Q     ; -0.186 ; 0.000 ; N/A      ; N/A     ; -1.000              ;
;  clk             ; -0.356 ; 0.000 ; N/A      ; N/A     ; -4.027              ;
+------------------+--------+-------+----------+---------+---------------------+


+------------------------------------------------------------------------------------------------------------------------------------------------------------------------------------------------------------------------------------------------------------------------------------------------------------------------------------------------------------------------------------------------------------------+
; Board Trace Model Assignments                                                                                                                                                                                                                                                                                                                                                                                    ;
+---------------+--------------+-------------------+-------------------------+-------------------------+---------------+---------------------+----------------+------------------+--------+------------------+------------------------+------------------------+--------------+---------------+-----------------+-------+---------------------+--------------------+---------------+-----------------+-------------+
; Pin           ; I/O Standard ; Near Tline Length ; Near Tline L per Length ; Near Tline C per Length ; Near Series R ; Near Differential R ; Near Pull-up R ; Near Pull-down R ; Near C ; Far Tline Length ; Far Tline L per Length ; Far Tline C per Length ; Far Series R ; Far Pull-up R ; Far Pull-down R ; Far C ; Termination Voltage ; Far Differential R ; EBD File Name ; EBD Signal Name ; EBD Far-end ;
+---------------+--------------+-------------------+-------------------------+-------------------------+---------------+---------------------+----------------+------------------+--------+------------------+------------------------+------------------------+--------------+---------------+-----------------+-------+---------------------+--------------------+---------------+-----------------+-------------+
; out[0]        ; 2.5 V        ; 0 in              ; 0 H/in                  ; 0 F/in                  ; short         ; -                   ; open           ; open             ; open   ; 0 in             ; 0 H/in                 ; 0 F/in                 ; short        ; open          ; open            ; open  ; 0 V                 ; -                  ; n/a           ; n/a             ; n/a         ;
; out[1]        ; 2.5 V        ; 0 in              ; 0 H/in                  ; 0 F/in                  ; short         ; -                   ; open           ; open             ; open   ; 0 in             ; 0 H/in                 ; 0 F/in                 ; short        ; open          ; open            ; open  ; 0 V                 ; -                  ; n/a           ; n/a             ; n/a         ;
; out[2]        ; 2.5 V        ; 0 in              ; 0 H/in                  ; 0 F/in                  ; short         ; -                   ; open           ; open             ; open   ; 0 in             ; 0 H/in                 ; 0 F/in                 ; short        ; open          ; open            ; open  ; 0 V                 ; -                  ; n/a           ; n/a             ; n/a         ;
; out[3]        ; 2.5 V        ; 0 in              ; 0 H/in                  ; 0 F/in                  ; short         ; -                   ; open           ; open             ; open   ; 0 in             ; 0 H/in                 ; 0 F/in                 ; short        ; open          ; open            ; open  ; 0 V                 ; -                  ; n/a           ; n/a             ; n/a         ;
; ~ALTERA_DCLK~ ; 2.5 V        ; 0 in              ; 0 H/in                  ; 0 F/in                  ; short         ; -                   ; open           ; open             ; open   ; 0 in             ; 0 H/in                 ; 0 F/in                 ; short        ; open          ; open            ; open  ; 0 V                 ; -                  ; n/a           ; n/a             ; n/a         ;
; ~ALTERA_nCEO~ ; 2.5 V        ; 0 in              ; 0 H/in                  ; 0 F/in                  ; short         ; -                   ; open           ; open             ; open   ; 0 in             ; 0 H/in                 ; 0 F/in                 ; short        ; open          ; open            ; open  ; 0 V                 ; -                  ; n/a           ; n/a             ; n/a         ;
+---------------+--------------+-------------------+-------------------------+-------------------------+---------------+---------------------+----------------+------------------+--------+------------------+------------------------+------------------------+--------------+---------------+-----------------+-------+---------------------+--------------------+---------------+-----------------+-------------+


+----------------------------------------------------------------------------+
; Input Transition Times                                                     ;
+-------------------------+--------------+-----------------+-----------------+
; Pin                     ; I/O Standard ; 10-90 Rise Time ; 90-10 Fall Time ;
+-------------------------+--------------+-----------------+-----------------+
; clk                     ; 2.5 V        ; 2000 ps         ; 2000 ps         ;
; reset                   ; 2.5 V        ; 2000 ps         ; 2000 ps         ;
; ~ALTERA_ASDO_DATA1~     ; 2.5 V        ; 2000 ps         ; 2000 ps         ;
; ~ALTERA_FLASH_nCE_nCSO~ ; 2.5 V        ; 2000 ps         ; 2000 ps         ;
; ~ALTERA_DATA0~          ; 2.5 V        ; 2000 ps         ; 2000 ps         ;
+-------------------------+--------------+-----------------+-----------------+


+--------------------------------------------------------------------------------------------------------------------------------------------------------------------------------------------------------------------------------------------------------------------------------------------------------------------------------------------------------------------------------------------------------------------------------------------------------------------------------------------------------------------------------------------------------------------------------------------------------------------------------------------------------------------------------------------+
; Signal Integrity Metrics (Slow 1200mv 0c Model)                                                                                                                                                                                                                                                                                                                                                                                                                                                                                                                                                                                                                                            ;
+---------------+--------------+---------------------+---------------------+------------------------------+------------------------------+---------------------+---------------------+--------------------------------------+--------------------------------------+-----------------------------+-----------------------------+----------------------------+----------------------------+-----------------------------+-----------------------------+--------------------+--------------------+-------------------------------------+-------------------------------------+----------------------------+----------------------------+---------------------------+---------------------------+
; Pin           ; I/O Standard ; Board Delay on Rise ; Board Delay on Fall ; Steady State Voh at FPGA Pin ; Steady State Vol at FPGA Pin ; Voh Max at FPGA Pin ; Vol Min at FPGA Pin ; Ringback Voltage on Rise at FPGA Pin ; Ringback Voltage on Fall at FPGA Pin ; 10-90 Rise Time at FPGA Pin ; 90-10 Fall Time at FPGA Pin ; Monotonic Rise at FPGA Pin ; Monotonic Fall at FPGA Pin ; Steady State Voh at Far-end ; Steady State Vol at Far-end ; Voh Max at Far-end ; Vol Min at Far-end ; Ringback Voltage on Rise at Far-end ; Ringback Voltage on Fall at Far-end ; 10-90 Rise Time at Far-end ; 90-10 Fall Time at Far-end ; Monotonic Rise at Far-end ; Monotonic Fall at Far-end ;
+---------------+--------------+---------------------+---------------------+------------------------------+------------------------------+---------------------+---------------------+--------------------------------------+--------------------------------------+-----------------------------+-----------------------------+----------------------------+----------------------------+-----------------------------+-----------------------------+--------------------+--------------------+-------------------------------------+-------------------------------------+----------------------------+----------------------------+---------------------------+---------------------------+
; out[0]        ; 2.5 V        ; 0 s                 ; 0 s                 ; 2.32 V                       ; 4.44e-09 V                   ; 2.38 V              ; -0.0145 V           ; 0.169 V                              ; 0.026 V                              ; 4.83e-10 s                  ; 4.71e-10 s                  ; Yes                        ; Yes                        ; 2.32 V                      ; 4.44e-09 V                  ; 2.38 V             ; -0.0145 V          ; 0.169 V                             ; 0.026 V                             ; 4.83e-10 s                 ; 4.71e-10 s                 ; Yes                       ; Yes                       ;
; out[1]        ; 2.5 V        ; 0 s                 ; 0 s                 ; 2.32 V                       ; 4.44e-09 V                   ; 2.38 V              ; -0.0145 V           ; 0.169 V                              ; 0.026 V                              ; 4.83e-10 s                  ; 4.71e-10 s                  ; Yes                        ; Yes                        ; 2.32 V                      ; 4.44e-09 V                  ; 2.38 V             ; -0.0145 V          ; 0.169 V                             ; 0.026 V                             ; 4.83e-10 s                 ; 4.71e-10 s                 ; Yes                       ; Yes                       ;
; out[2]        ; 2.5 V        ; 0 s                 ; 0 s                 ; 2.32 V                       ; 4.44e-09 V                   ; 2.33 V              ; -0.00624 V          ; 0.185 V                              ; 0.097 V                              ; 2.82e-09 s                  ; 2.56e-09 s                  ; No                         ; Yes                        ; 2.32 V                      ; 4.44e-09 V                  ; 2.33 V             ; -0.00624 V         ; 0.185 V                             ; 0.097 V                             ; 2.82e-09 s                 ; 2.56e-09 s                 ; No                        ; Yes                       ;
; out[3]        ; 2.5 V        ; 0 s                 ; 0 s                 ; 2.32 V                       ; 4.44e-09 V                   ; 2.38 V              ; -0.0145 V           ; 0.169 V                              ; 0.026 V                              ; 4.83e-10 s                  ; 4.71e-10 s                  ; Yes                        ; Yes                        ; 2.32 V                      ; 4.44e-09 V                  ; 2.38 V             ; -0.0145 V          ; 0.169 V                             ; 0.026 V                             ; 4.83e-10 s                 ; 4.71e-10 s                 ; Yes                       ; Yes                       ;
; ~ALTERA_DCLK~ ; 2.5 V        ; 0 s                 ; 0 s                 ; 2.32 V                       ; 3.45e-09 V                   ; 2.38 V              ; -0.0609 V           ; 0.148 V                              ; 0.095 V                              ; 2.82e-10 s                  ; 2.59e-10 s                  ; Yes                        ; Yes                        ; 2.32 V                      ; 3.45e-09 V                  ; 2.38 V             ; -0.0609 V          ; 0.148 V                             ; 0.095 V                             ; 2.82e-10 s                 ; 2.59e-10 s                 ; Yes                       ; Yes                       ;
; ~ALTERA_nCEO~ ; 2.5 V        ; 0 s                 ; 0 s                 ; 2.32 V                       ; 5.61e-09 V                   ; 2.38 V              ; -0.00274 V          ; 0.141 V                              ; 0.006 V                              ; 4.7e-10 s                   ; 6.02e-10 s                  ; Yes                        ; Yes                        ; 2.32 V                      ; 5.61e-09 V                  ; 2.38 V             ; -0.00274 V         ; 0.141 V                             ; 0.006 V                             ; 4.7e-10 s                  ; 6.02e-10 s                 ; Yes                       ; Yes                       ;
+---------------+--------------+---------------------+---------------------+------------------------------+------------------------------+---------------------+---------------------+--------------------------------------+--------------------------------------+-----------------------------+-----------------------------+----------------------------+----------------------------+-----------------------------+-----------------------------+--------------------+--------------------+-------------------------------------+-------------------------------------+----------------------------+----------------------------+---------------------------+---------------------------+


+--------------------------------------------------------------------------------------------------------------------------------------------------------------------------------------------------------------------------------------------------------------------------------------------------------------------------------------------------------------------------------------------------------------------------------------------------------------------------------------------------------------------------------------------------------------------------------------------------------------------------------------------------------------------------------------------+
; Signal Integrity Metrics (Slow 1200mv 85c Model)                                                                                                                                                                                                                                                                                                                                                                                                                                                                                                                                                                                                                                           ;
+---------------+--------------+---------------------+---------------------+------------------------------+------------------------------+---------------------+---------------------+--------------------------------------+--------------------------------------+-----------------------------+-----------------------------+----------------------------+----------------------------+-----------------------------+-----------------------------+--------------------+--------------------+-------------------------------------+-------------------------------------+----------------------------+----------------------------+---------------------------+---------------------------+
; Pin           ; I/O Standard ; Board Delay on Rise ; Board Delay on Fall ; Steady State Voh at FPGA Pin ; Steady State Vol at FPGA Pin ; Voh Max at FPGA Pin ; Vol Min at FPGA Pin ; Ringback Voltage on Rise at FPGA Pin ; Ringback Voltage on Fall at FPGA Pin ; 10-90 Rise Time at FPGA Pin ; 90-10 Fall Time at FPGA Pin ; Monotonic Rise at FPGA Pin ; Monotonic Fall at FPGA Pin ; Steady State Voh at Far-end ; Steady State Vol at Far-end ; Voh Max at Far-end ; Vol Min at Far-end ; Ringback Voltage on Rise at Far-end ; Ringback Voltage on Fall at Far-end ; 10-90 Rise Time at Far-end ; 90-10 Fall Time at Far-end ; Monotonic Rise at Far-end ; Monotonic Fall at Far-end ;
+---------------+--------------+---------------------+---------------------+------------------------------+------------------------------+---------------------+---------------------+--------------------------------------+--------------------------------------+-----------------------------+-----------------------------+----------------------------+----------------------------+-----------------------------+-----------------------------+--------------------+--------------------+-------------------------------------+-------------------------------------+----------------------------+----------------------------+---------------------------+---------------------------+
; out[0]        ; 2.5 V        ; 0 s                 ; 0 s                 ; 2.32 V                       ; 7.16e-07 V                   ; 2.35 V              ; -0.00832 V          ; 0.101 V                              ; 0.024 V                              ; 6.39e-10 s                  ; 6e-10 s                     ; Yes                        ; Yes                        ; 2.32 V                      ; 7.16e-07 V                  ; 2.35 V             ; -0.00832 V         ; 0.101 V                             ; 0.024 V                             ; 6.39e-10 s                 ; 6e-10 s                    ; Yes                       ; Yes                       ;
; out[1]        ; 2.5 V        ; 0 s                 ; 0 s                 ; 2.32 V                       ; 7.16e-07 V                   ; 2.35 V              ; -0.00832 V          ; 0.101 V                              ; 0.024 V                              ; 6.39e-10 s                  ; 6e-10 s                     ; Yes                        ; Yes                        ; 2.32 V                      ; 7.16e-07 V                  ; 2.35 V             ; -0.00832 V         ; 0.101 V                             ; 0.024 V                             ; 6.39e-10 s                 ; 6e-10 s                    ; Yes                       ; Yes                       ;
; out[2]        ; 2.5 V        ; 0 s                 ; 0 s                 ; 2.32 V                       ; 7.16e-07 V                   ; 2.33 V              ; -0.00349 V          ; 0.163 V                              ; 0.074 V                              ; 3.33e-09 s                  ; 3.14e-09 s                  ; Yes                        ; Yes                        ; 2.32 V                      ; 7.16e-07 V                  ; 2.33 V             ; -0.00349 V         ; 0.163 V                             ; 0.074 V                             ; 3.33e-09 s                 ; 3.14e-09 s                 ; Yes                       ; Yes                       ;
; out[3]        ; 2.5 V        ; 0 s                 ; 0 s                 ; 2.32 V                       ; 7.16e-07 V                   ; 2.35 V              ; -0.00832 V          ; 0.101 V                              ; 0.024 V                              ; 6.39e-10 s                  ; 6e-10 s                     ; Yes                        ; Yes                        ; 2.32 V                      ; 7.16e-07 V                  ; 2.35 V             ; -0.00832 V         ; 0.101 V                             ; 0.024 V                             ; 6.39e-10 s                 ; 6e-10 s                    ; Yes                       ; Yes                       ;
; ~ALTERA_DCLK~ ; 2.5 V        ; 0 s                 ; 0 s                 ; 2.32 V                       ; 5.74e-07 V                   ; 2.36 V              ; -0.0201 V           ; 0.072 V                              ; 0.033 V                              ; 4.04e-10 s                  ; 3.29e-10 s                  ; Yes                        ; Yes                        ; 2.32 V                      ; 5.74e-07 V                  ; 2.36 V             ; -0.0201 V          ; 0.072 V                             ; 0.033 V                             ; 4.04e-10 s                 ; 3.29e-10 s                 ; Yes                       ; Yes                       ;
; ~ALTERA_nCEO~ ; 2.5 V        ; 0 s                 ; 0 s                 ; 2.32 V                       ; 9.45e-07 V                   ; 2.35 V              ; -0.00643 V          ; 0.081 V                              ; 0.031 V                              ; 5.31e-10 s                  ; 7.59e-10 s                  ; Yes                        ; Yes                        ; 2.32 V                      ; 9.45e-07 V                  ; 2.35 V             ; -0.00643 V         ; 0.081 V                             ; 0.031 V                             ; 5.31e-10 s                 ; 7.59e-10 s                 ; Yes                       ; Yes                       ;
+---------------+--------------+---------------------+---------------------+------------------------------+------------------------------+---------------------+---------------------+--------------------------------------+--------------------------------------+-----------------------------+-----------------------------+----------------------------+----------------------------+-----------------------------+-----------------------------+--------------------+--------------------+-------------------------------------+-------------------------------------+----------------------------+----------------------------+---------------------------+---------------------------+


+--------------------------------------------------------------------------------------------------------------------------------------------------------------------------------------------------------------------------------------------------------------------------------------------------------------------------------------------------------------------------------------------------------------------------------------------------------------------------------------------------------------------------------------------------------------------------------------------------------------------------------------------------------------------------------------------+
; Signal Integrity Metrics (Fast 1200mv 0c Model)                                                                                                                                                                                                                                                                                                                                                                                                                                                                                                                                                                                                                                            ;
+---------------+--------------+---------------------+---------------------+------------------------------+------------------------------+---------------------+---------------------+--------------------------------------+--------------------------------------+-----------------------------+-----------------------------+----------------------------+----------------------------+-----------------------------+-----------------------------+--------------------+--------------------+-------------------------------------+-------------------------------------+----------------------------+----------------------------+---------------------------+---------------------------+
; Pin           ; I/O Standard ; Board Delay on Rise ; Board Delay on Fall ; Steady State Voh at FPGA Pin ; Steady State Vol at FPGA Pin ; Voh Max at FPGA Pin ; Vol Min at FPGA Pin ; Ringback Voltage on Rise at FPGA Pin ; Ringback Voltage on Fall at FPGA Pin ; 10-90 Rise Time at FPGA Pin ; 90-10 Fall Time at FPGA Pin ; Monotonic Rise at FPGA Pin ; Monotonic Fall at FPGA Pin ; Steady State Voh at Far-end ; Steady State Vol at Far-end ; Voh Max at Far-end ; Vol Min at Far-end ; Ringback Voltage on Rise at Far-end ; Ringback Voltage on Fall at Far-end ; 10-90 Rise Time at Far-end ; 90-10 Fall Time at Far-end ; Monotonic Rise at Far-end ; Monotonic Fall at Far-end ;
+---------------+--------------+---------------------+---------------------+------------------------------+------------------------------+---------------------+---------------------+--------------------------------------+--------------------------------------+-----------------------------+-----------------------------+----------------------------+----------------------------+-----------------------------+-----------------------------+--------------------+--------------------+-------------------------------------+-------------------------------------+----------------------------+----------------------------+---------------------------+---------------------------+
; out[0]        ; 2.5 V        ; 0 s                 ; 0 s                 ; 2.62 V                       ; 2.74e-08 V                   ; 2.71 V              ; -0.0317 V           ; 0.148 V                              ; 0.064 V                              ; 4.51e-10 s                  ; 4.15e-10 s                  ; No                         ; Yes                        ; 2.62 V                      ; 2.74e-08 V                  ; 2.71 V             ; -0.0317 V          ; 0.148 V                             ; 0.064 V                             ; 4.51e-10 s                 ; 4.15e-10 s                 ; No                        ; Yes                       ;
; out[1]        ; 2.5 V        ; 0 s                 ; 0 s                 ; 2.62 V                       ; 2.74e-08 V                   ; 2.71 V              ; -0.0317 V           ; 0.148 V                              ; 0.064 V                              ; 4.51e-10 s                  ; 4.15e-10 s                  ; No                         ; Yes                        ; 2.62 V                      ; 2.74e-08 V                  ; 2.71 V             ; -0.0317 V          ; 0.148 V                             ; 0.064 V                             ; 4.51e-10 s                 ; 4.15e-10 s                 ; No                        ; Yes                       ;
; out[2]        ; 2.5 V        ; 0 s                 ; 0 s                 ; 2.62 V                       ; 2.74e-08 V                   ; 2.64 V              ; -0.0117 V           ; 0.202 V                              ; 0.176 V                              ; 2.38e-09 s                  ; 2.22e-09 s                  ; No                         ; Yes                        ; 2.62 V                      ; 2.74e-08 V                  ; 2.64 V             ; -0.0117 V          ; 0.202 V                             ; 0.176 V                             ; 2.38e-09 s                 ; 2.22e-09 s                 ; No                        ; Yes                       ;
; out[3]        ; 2.5 V        ; 0 s                 ; 0 s                 ; 2.62 V                       ; 2.74e-08 V                   ; 2.71 V              ; -0.0317 V           ; 0.148 V                              ; 0.064 V                              ; 4.51e-10 s                  ; 4.15e-10 s                  ; No                         ; Yes                        ; 2.62 V                      ; 2.74e-08 V                  ; 2.71 V             ; -0.0317 V          ; 0.148 V                             ; 0.064 V                             ; 4.51e-10 s                 ; 4.15e-10 s                 ; No                        ; Yes                       ;
; ~ALTERA_DCLK~ ; 2.5 V        ; 0 s                 ; 0 s                 ; 2.62 V                       ; 2.22e-08 V                   ; 2.74 V              ; -0.06 V             ; 0.158 V                              ; 0.08 V                               ; 2.68e-10 s                  ; 2.19e-10 s                  ; Yes                        ; Yes                        ; 2.62 V                      ; 2.22e-08 V                  ; 2.74 V             ; -0.06 V            ; 0.158 V                             ; 0.08 V                              ; 2.68e-10 s                 ; 2.19e-10 s                 ; Yes                       ; Yes                       ;
; ~ALTERA_nCEO~ ; 2.5 V        ; 0 s                 ; 0 s                 ; 2.62 V                       ; 3.54e-08 V                   ; 2.7 V               ; -0.00943 V          ; 0.276 V                              ; 0.035 V                              ; 3.19e-10 s                  ; 4.99e-10 s                  ; No                         ; Yes                        ; 2.62 V                      ; 3.54e-08 V                  ; 2.7 V              ; -0.00943 V         ; 0.276 V                             ; 0.035 V                             ; 3.19e-10 s                 ; 4.99e-10 s                 ; No                        ; Yes                       ;
+---------------+--------------+---------------------+---------------------+------------------------------+------------------------------+---------------------+---------------------+--------------------------------------+--------------------------------------+-----------------------------+-----------------------------+----------------------------+----------------------------+-----------------------------+-----------------------------+--------------------+--------------------+-------------------------------------+-------------------------------------+----------------------------+----------------------------+---------------------------+---------------------------+


+-----------------------------------------------------------------------+
; Setup Transfers                                                       ;
+-------------+-------------+----------+----------+----------+----------+
; From Clock  ; To Clock    ; RR Paths ; FR Paths ; RF Paths ; FF Paths ;
+-------------+-------------+----------+----------+----------+----------+
; T_FF:tff0|Q ; clk         ; 1        ; 1        ; 0        ; 0        ;
; T_FF:tff0|Q ; T_FF:tff0|Q ; 0        ; 0        ; 1        ; 1        ;
; T_FF:tff1|Q ; T_FF:tff0|Q ; 0        ; 0        ; 1        ; 1        ;
; T_FF:tff1|Q ; T_FF:tff1|Q ; 0        ; 0        ; 1        ; 1        ;
; T_FF:tff2|Q ; T_FF:tff1|Q ; 0        ; 0        ; 1        ; 1        ;
; T_FF:tff2|Q ; T_FF:tff2|Q ; 0        ; 0        ; 1        ; 2        ;
+-------------+-------------+----------+----------+----------+----------+
Entries labeled "false path" only account for clock-to-clock false paths and not path-based false paths. As a result, actual path counts may be lower than reported.


+-----------------------------------------------------------------------+
; Hold Transfers                                                        ;
+-------------+-------------+----------+----------+----------+----------+
; From Clock  ; To Clock    ; RR Paths ; FR Paths ; RF Paths ; FF Paths ;
+-------------+-------------+----------+----------+----------+----------+
; T_FF:tff0|Q ; clk         ; 1        ; 1        ; 0        ; 0        ;
; T_FF:tff0|Q ; T_FF:tff0|Q ; 0        ; 0        ; 1        ; 1        ;
; T_FF:tff1|Q ; T_FF:tff0|Q ; 0        ; 0        ; 1        ; 1        ;
; T_FF:tff1|Q ; T_FF:tff1|Q ; 0        ; 0        ; 1        ; 1        ;
; T_FF:tff2|Q ; T_FF:tff1|Q ; 0        ; 0        ; 1        ; 1        ;
; T_FF:tff2|Q ; T_FF:tff2|Q ; 0        ; 0        ; 1        ; 2        ;
+-------------+-------------+----------+----------+----------+----------+
Entries labeled "false path" only account for clock-to-clock false paths and not path-based false paths. As a result, actual path counts may be lower than reported.


---------------
; Report TCCS ;
---------------
No dedicated SERDES Transmitter circuitry present in device or used in design


---------------
; Report RSKM ;
---------------
No non-DPA dedicated SERDES Receiver circuitry present in device or used in design


+------------------------------------------------+
; Unconstrained Paths Summary                    ;
+---------------------------------+-------+------+
; Property                        ; Setup ; Hold ;
+---------------------------------+-------+------+
; Illegal Clocks                  ; 0     ; 0    ;
; Unconstrained Clocks            ; 0     ; 0    ;
; Unconstrained Input Ports       ; 1     ; 1    ;
; Unconstrained Input Port Paths  ; 4     ; 4    ;
; Unconstrained Output Ports      ; 4     ; 4    ;
; Unconstrained Output Port Paths ; 4     ; 4    ;
+---------------------------------+-------+------+


+------------------------------------------------+
; Clock Status Summary                           ;
+-------------+-------------+------+-------------+
; Target      ; Clock       ; Type ; Status      ;
+-------------+-------------+------+-------------+
; T_FF:tff0|Q ; T_FF:tff0|Q ; Base ; Constrained ;
; T_FF:tff1|Q ; T_FF:tff1|Q ; Base ; Constrained ;
; T_FF:tff2|Q ; T_FF:tff2|Q ; Base ; Constrained ;
; clk         ; clk         ; Base ; Constrained ;
+-------------+-------------+------+-------------+


+---------------------------------------------------------------------------------------------------+
; Unconstrained Input Ports                                                                         ;
+------------+--------------------------------------------------------------------------------------+
; Input Port ; Comment                                                                              ;
+------------+--------------------------------------------------------------------------------------+
; reset      ; No input delay, min/max delays, false-path exceptions, or max skew assignments found ;
+------------+--------------------------------------------------------------------------------------+


+-----------------------------------------------------------------------------------------------------+
; Unconstrained Output Ports                                                                          ;
+-------------+---------------------------------------------------------------------------------------+
; Output Port ; Comment                                                                               ;
+-------------+---------------------------------------------------------------------------------------+
; out[0]      ; No output delay, min/max delays, false-path exceptions, or max skew assignments found ;
; out[1]      ; No output delay, min/max delays, false-path exceptions, or max skew assignments found ;
; out[2]      ; No output delay, min/max delays, false-path exceptions, or max skew assignments found ;
; out[3]      ; No output delay, min/max delays, false-path exceptions, or max skew assignments found ;
+-------------+---------------------------------------------------------------------------------------+


+---------------------------------------------------------------------------------------------------+
; Unconstrained Input Ports                                                                         ;
+------------+--------------------------------------------------------------------------------------+
; Input Port ; Comment                                                                              ;
+------------+--------------------------------------------------------------------------------------+
; reset      ; No input delay, min/max delays, false-path exceptions, or max skew assignments found ;
+------------+--------------------------------------------------------------------------------------+


+-----------------------------------------------------------------------------------------------------+
; Unconstrained Output Ports                                                                          ;
+-------------+---------------------------------------------------------------------------------------+
; Output Port ; Comment                                                                               ;
+-------------+---------------------------------------------------------------------------------------+
; out[0]      ; No output delay, min/max delays, false-path exceptions, or max skew assignments found ;
; out[1]      ; No output delay, min/max delays, false-path exceptions, or max skew assignments found ;
; out[2]      ; No output delay, min/max delays, false-path exceptions, or max skew assignments found ;
; out[3]      ; No output delay, min/max delays, false-path exceptions, or max skew assignments found ;
+-------------+---------------------------------------------------------------------------------------+


+------------------------------------+
; TimeQuest Timing Analyzer Messages ;
+------------------------------------+
Info: *******************************************************************
Info: Running Quartus Prime TimeQuest Timing Analyzer
    Info: Version 15.1.0 Build 185 10/21/2015 SJ Lite Edition
    Info: Processing started: Tue Apr 16 10:06:10 2024
Info: Command: quartus_sta four_bit_counter -c four_bit_counter
Info: qsta_default_script.tcl version: #1
Info (20030): Parallel compilation is enabled and will use 16 of the 16 processors detected
Info (21076): High junction temperature operating condition is not set. Assuming a default value of '85'.
Info (21076): Low junction temperature operating condition is not set. Assuming a default value of '0'.
Critical Warning (332012): Synopsys Design Constraints File file not found: 'four_bit_counter.sdc'. A Synopsys Design Constraints File is required by the TimeQuest Timing Analyzer to get proper timing constraints. Without it, the Compiler will not properly optimize the design.
Info (332142): No user constrained base clocks found in the design. Calling "derive_clocks -period 1.0"
Info (332105): Deriving Clocks
    Info (332105): create_clock -period 1.000 -name clk clk
    Info (332105): create_clock -period 1.000 -name T_FF:tff0|Q T_FF:tff0|Q
    Info (332105): create_clock -period 1.000 -name T_FF:tff1|Q T_FF:tff1|Q
    Info (332105): create_clock -period 1.000 -name T_FF:tff2|Q T_FF:tff2|Q
Info (332143): No user constrained clock uncertainty found in the design. Calling "derive_clock_uncertainty"
Info (332123): Deriving Clock Uncertainty. Please refer to report_sdc in TimeQuest to see clock uncertainties.
Info: Found TIMEQUEST_REPORT_SCRIPT_INCLUDE_DEFAULT_ANALYSIS = ON
Info: Analyzing Slow 1200mV 85C Model
Critical Warning (332148): Timing requirements not met
    Info (11105): For recommendations on closing timing, run Report Timing Closure Recommendations in the TimeQuest Timing Analyzer.
Info (332146): Worst-case setup slack is -0.356
    Info (332119):     Slack       End Point TNS Clock 
    Info (332119): ========= =================== =====================
    Info (332119):    -0.356              -0.356 clk 
    Info (332119):    -0.186              -0.186 T_FF:tff2|Q 
    Info (332119):    -0.089              -0.089 T_FF:tff1|Q 
    Info (332119):    -0.044              -0.044 T_FF:tff0|Q 
Info (332146): Worst-case hold slack is 0.127
    Info (332119):     Slack       End Point TNS Clock 
    Info (332119): ========= =================== =====================
    Info (332119):     0.127               0.000 T_FF:tff1|Q 
    Info (332119):     0.165               0.000 T_FF:tff2|Q 
    Info (332119):     0.176               0.000 T_FF:tff0|Q 
    Info (332119):     0.502               0.000 clk 
Info (332140): No Recovery paths to report
Info (332140): No Removal paths to report
Info (332146): Worst-case minimum pulse width slack is -3.000
    Info (332119):     Slack       End Point TNS Clock 
    Info (332119): ========= =================== =====================
    Info (332119):    -3.000              -4.000 clk 
    Info (332119):    -1.000              -1.000 T_FF:tff0|Q 
    Info (332119):    -1.000              -1.000 T_FF:tff1|Q 
    Info (332119):    -1.000              -1.000 T_FF:tff2|Q 
Info: Analyzing Slow 1200mV 0C Model
Info (334003): Started post-fitting delay annotation
Info (334004): Delay annotation completed successfully
Info (332123): Deriving Clock Uncertainty. Please refer to report_sdc in TimeQuest to see clock uncertainties.
Critical Warning (332148): Timing requirements not met
    Info (11105): For recommendations on closing timing, run Report Timing Closure Recommendations in the TimeQuest Timing Analyzer.
Info (332146): Worst-case setup slack is -0.267
    Info (332119):     Slack       End Point TNS Clock 
    Info (332119): ========= =================== =====================
    Info (332119):    -0.267              -0.267 clk 
    Info (332119):    -0.060              -0.060 T_FF:tff2|Q 
    Info (332119):    -0.030              -0.030 T_FF:tff1|Q 
    Info (332119):     0.021               0.000 T_FF:tff0|Q 
Info (332146): Worst-case hold slack is 0.107
    Info (332119):     Slack       End Point TNS Clock 
    Info (332119): ========= =================== =====================
    Info (332119):     0.107               0.000 T_FF:tff1|Q 
    Info (332119):     0.149               0.000 T_FF:tff2|Q 
    Info (332119):     0.155               0.000 T_FF:tff0|Q 
    Info (332119):     0.430               0.000 clk 
Info (332140): No Recovery paths to report
Info (332140): No Removal paths to report
Info (332146): Worst-case minimum pulse width slack is -3.000
    Info (332119):     Slack       End Point TNS Clock 
    Info (332119): ========= =================== =====================
    Info (332119):    -3.000              -4.000 clk 
    Info (332119):    -1.000              -1.000 T_FF:tff0|Q 
    Info (332119):    -1.000              -1.000 T_FF:tff1|Q 
    Info (332119):    -1.000              -1.000 T_FF:tff2|Q 
Info: Analyzing Fast 1200mV 0C Model
Info (332123): Deriving Clock Uncertainty. Please refer to report_sdc in TimeQuest to see clock uncertainties.
Info (332146): Worst-case setup slack is 0.013
    Info (332119):     Slack       End Point TNS Clock 
    Info (332119): ========= =================== =====================
    Info (332119):     0.013               0.000 clk 
    Info (332119):     0.207               0.000 T_FF:tff0|Q 
    Info (332119):     0.212               0.000 T_FF:tff1|Q 
    Info (332119):     0.327               0.000 T_FF:tff2|Q 
Info (332146): Worst-case hold slack is 0.048
    Info (332119):     Slack       End Point TNS Clock 
    Info (332119): ========= =================== =====================
    Info (332119):     0.048               0.000 T_FF:tff1|Q 
    Info (332119):     0.063               0.000 T_FF:tff2|Q 
    Info (332119):     0.084               0.000 T_FF:tff0|Q 
    Info (332119):     0.279               0.000 clk 
Info (332140): No Recovery paths to report
Info (332140): No Removal paths to report
Critical Warning (332148): Timing requirements not met
    Info (11105): For recommendations on closing timing, run Report Timing Closure Recommendations in the TimeQuest Timing Analyzer.
Info (332146): Worst-case minimum pulse width slack is -3.000
    Info (332119):     Slack       End Point TNS Clock 
    Info (332119): ========= =================== =====================
    Info (332119):    -3.000              -4.027 clk 
    Info (332119):    -1.000              -1.000 T_FF:tff0|Q 
    Info (332119):    -1.000              -1.000 T_FF:tff1|Q 
    Info (332119):    -1.000              -1.000 T_FF:tff2|Q 
Info (332102): Design is not fully constrained for setup requirements
Info (332102): Design is not fully constrained for hold requirements
Info: Quartus Prime TimeQuest Timing Analyzer was successful. 0 errors, 4 warnings
    Info: Peak virtual memory: 5094 megabytes
    Info: Processing ended: Tue Apr 16 10:06:12 2024
    Info: Elapsed time: 00:00:02
    Info: Total CPU time (on all processors): 00:00:02


